// Jest Snapshot v1, https://goo.gl/fbAQLP

exports[`AccountBalance Snapshot 1`] = `
<div
  className="layout"
>
  <p
    className="text"
  >
    You have 
    <span
      data-testid="account-balance"
    >
      Â£
      53.50
    </span>
  </p>
</div>
`;
