// Jest Snapshot v1, https://goo.gl/fbAQLP

exports[`CurrencyPocket Snapshot 1`] = `
<section
  className="layout"
>
  <form
    className="form"
  >
    <label
      className="label"
      htmlFor="currentCurrency"
    >
      GBP
      <input
        className="input"
        data-testid="currency-input"
        id="currentCurrency"
        name="currentCurrency"
        onChange={[Function]}
        pattern="/^-?[0-9]+(\\\\.[0-9][0-9]?)?$/g"
        placeholder="0.00"
        type="number"
      />
    </label>
  </form>
  <div
    className="layout"
  >
    <p
      className="text"
    >
      You have 
      <span
        data-testid="account-balance"
      >
        Â£
        58.33
      </span>
    </p>
  </div>
</section>
`;
